// Jest Snapshot v1, https://goo.gl/fbAQLP

exports[`File utils Create snapshots 1`] = `
[
  {
    "content": "
  // Comment 1
  # Comment 2
  /* Comment 3 */
  test: true
  ",
    "executable": false,
    "hash": "278533b89f743b2ba504346f6915b3cce59680cd7d01ad5e2274611a423f3e7f",
    "merge": false,
    "path": "../file.yml",
    "type": "yaml",
  },
  {
    "content": "{"configurations":[{"name":"Build configs map","type":"node","request":"launch","outputCapture":"std","console":"integratedTerminal","runtimeExecutable":"node","runtimeArgs":["--nolazy","--inspect-brk=9229","--loader","ts-node/esm","src/cli/bin.ts","build"]}]}",
    "executable": false,
    "hash": "d3ad7d184db5cd15a795d0713fe5c5115743f52d44776a130ed53a5e3a60124d",
    "merge": [
      "configurations",
    ],
    "path": "../snapshot.json",
    "type": "json",
  },
]
`;

exports[`File utils Get file hash 1`] = `"278533b89f743b2ba504346f6915b3cce59680cd7d01ad5e2274611a423f3e7f"`;

exports[`File utils Merge GLOB files 1`] = `
"      *.log
      *.pid
      *.pid.lock
      *.seed
      *.tgz
      .editorconfig
      .env
      .eslintcache
      .eslintignore
      .eslintrc
      media/
      node_modules/
      src/"
`;

exports[`File utils Merge JSON files 1`] = `
"{
  "text": "text",
  "object1": {
    "value1": true,
    "value2": true
  },
  "object2": {
    "value1": true,
    "value2": false,
    "value3": null
  },
  "list": [
    1,
    2,
    3,
    4,
    5
  ]
}"
`;

exports[`File utils Merge YAML files 1`] = `
"version: 2
updates:
  - package-ecosystem: yarn
    directory: /
    schedule:
      interval: weekly
      day: friday
      time: 23:00
"
`;
