// Jest Snapshot v1, https://goo.gl/fbAQLP

exports[`Extractor extract 1`] = `
[
  [
    "test/config2.json",
    "{}",
  ],
  [
    "config1.json",
    "{}",
  ],
  [
    ".gitignore",
    "*.log
.env
coverage
logs
node_modules/
yarn-debug.log*
yarn-error.log*",
  ],
  [
    "package.json",
    "{
  "name": "test",
  "type": "commonjs",
  "scripts": {
    "build": "tsc",
    "test": "jest"
  },
  "devDependencies": {
    "@types/jest": "^1.x",
    "ts-jest": "^26.x"
  },
  "peerDependencies": {
    "react": "18.x",
    "react-dom": "18.x"
  }
}
",
  ],
  [
    "package.json",
    "[["jest","8.x"]]",
  ],
]
`;
