// Jest Snapshot v1, https://goo.gl/fbAQLP

exports[`Extractor extract 1`] = `
[
  [
    "test/config2.json",
    "{}",
  ],
  [
    "config1.json",
    "{}",
  ],
  [
    ".gitignore",
    "logs
coverage
*.log
yarn-debug.log*
yarn-error.log*
.env

# !ignorefile-merge block-open
# ---------------------------------------------------------------
# This block generated automatically
# @see https://www.npmjs.com/package/ignorefile-merge
# ---------------------------------------------------------------

# .env
node_modules/

# !ignorefile-merge block-close
",
  ],
  [
    "package.json",
    "{
  "name": "test",
  "type": "commonjs",
  "scripts": {
    "build": "tsc",
    "test": "jest"
  },
  "devDependencies": {
    "@types/jest": "^1.x",
    "ts-jest": "^26.x"
  },
  "peerDependencies": {
    "react": "18.x",
    "react-dom": "18.x"
  }
}
",
  ],
]
`;
