// Jest Snapshot v1, https://goo.gl/fbAQLP

exports[`Extractor extract 1`] = `
Array [
  Array [
    "test/config2.json",
    "{}",
  ],
  Array [
    "config1.json",
    "{}",
  ],
  Array [
    ".gitignore",
    "*.log
.env
coverage
logs
node_modules/
yarn-debug.log*
yarn-error.log*",
  ],
  Array [
    "package.json",
    "{
  \\"name\\": \\"test\\",
  \\"type\\": \\"commonjs\\",
  \\"scripts\\": {
    \\"build\\": \\"tsc\\",
    \\"test\\": \\"jest\\"
  },
  \\"devDependencies\\": {
    \\"@types/jest\\": \\"^1.x\\",
    \\"ts-jest\\": \\"^26.x\\"
  }
}
",
  ],
  Array [
    "package.json",
    "[[\\"jest\\",\\"8.x\\"]]",
  ],
]
`;
